I'm sorry, but errors were detected in your script. Please correct the
errors listed below, and try again.


File "game/script.rpy", line 31: expected 'label_name_declare' not found.
    label 
         ^

Ren'Py Version: Ren'Py 8.1.3.23091805
Fri Jan 12 20:12:40 2024
